// Jest Snapshot v1, https://goo.gl/fbAQLP

exports[`Comedian Container should render correctly 1`] = `
Object {
  "asFragment": [Function],
  "baseElement": <body>
    <div>
      <div
        class="sc-AxjAm kQuezj"
      >
        <div
          class="sc-AxirZ gEPubH"
        />
        <div
          class="sc-AxiKw ldqXil"
        >
          <h1
            class="sc-AxhCb lTGTM"
          />
          <p
            class="sc-AxhUy kwQueO"
          />
          <span
            class="sc-fzqzlV gRyNSk"
          >
            <span
              class="sc-AxgMl fyrOJv"
              type="comedianBanner"
            />
          </span>
        </div>
      </div>
      <span
        class="sc-fzqLLg iLPhz"
      >
        <button
          class="sc-AxheI PymrZ"
        />
        <button
          class="sc-AxheI PymrZ"
        />
        <button
          class="sc-AxheI PymrZ"
        />
        <button
          class="sc-AxheI PymrZ"
        />
      </span>
      <div
        class="sc-fzplWN fFDLKT"
      >
        <div
          class="sc-fznyAO eVYElN"
        >
          <button
            class="sc-fzoLsD hJBRpB"
          >
            <svg
              class="sc-fzpans cUGYir"
              viewBox="-21 0 512 512"
            >
              <path
                d="m453.332031 85.332031c0 38.292969-31.039062 69.335938-69.332031 69.335938s-69.332031-31.042969-69.332031-69.335938c0-38.289062 31.039062-69.332031 69.332031-69.332031s69.332031 31.042969 69.332031 69.332031zm0 0"
              />
              <path
                d="m384 170.667969c-47.0625 0-85.332031-38.273438-85.332031-85.335938 0-47.058593 38.269531-85.332031 85.332031-85.332031s85.332031 38.273438 85.332031 85.332031c0 47.0625-38.269531 85.335938-85.332031 85.335938zm0-138.667969c-29.417969 0-53.332031 23.9375-53.332031 53.332031 0 29.398438 23.914062 53.335938 53.332031 53.335938s53.332031-23.9375 53.332031-53.335938c0-29.394531-23.914062-53.332031-53.332031-53.332031zm0 0"
              />
              <path
                d="m453.332031 426.667969c0 38.289062-31.039062 69.332031-69.332031 69.332031s-69.332031-31.042969-69.332031-69.332031c0-38.292969 31.039062-69.335938 69.332031-69.335938s69.332031 31.042969 69.332031 69.335938zm0 0"
              />
              <path
                d="m384 512c-47.0625 0-85.332031-38.273438-85.332031-85.332031 0-47.0625 38.269531-85.335938 85.332031-85.335938s85.332031 38.273438 85.332031 85.335938c0 47.058593-38.269531 85.332031-85.332031 85.332031zm0-138.667969c-29.417969 0-53.332031 23.9375-53.332031 53.335938 0 29.394531 23.914062 53.332031 53.332031 53.332031s53.332031-23.9375 53.332031-53.332031c0-29.398438-23.914062-53.335938-53.332031-53.335938zm0 0"
              />
              <path
                d="m154.667969 256c0 38.292969-31.042969 69.332031-69.335938 69.332031-38.289062 0-69.332031-31.039062-69.332031-69.332031s31.042969-69.332031 69.332031-69.332031c38.292969 0 69.335938 31.039062 69.335938 69.332031zm0 0"
              />
              <path
                d="m85.332031 341.332031c-47.058593 0-85.332031-38.269531-85.332031-85.332031s38.273438-85.332031 85.332031-85.332031c47.0625 0 85.335938 38.269531 85.335938 85.332031s-38.273438 85.332031-85.335938 85.332031zm0-138.664062c-29.417969 0-53.332031 23.933593-53.332031 53.332031s23.914062 53.332031 53.332031 53.332031c29.421875 0 53.335938-23.933593 53.335938-53.332031s-23.914063-53.332031-53.335938-53.332031zm0 0"
              />
              <path
                d="m135.703125 245.761719c-7.425781 0-14.636719-3.863281-18.5625-10.773438-5.824219-10.21875-2.238281-23.253906 7.980469-29.101562l197.949218-112.851563c10.21875-5.867187 23.253907-2.28125 29.101563 7.976563 5.824219 10.21875 2.238281 23.253906-7.980469 29.101562l-197.953125 112.851563c-3.328125 1.898437-6.953125 2.796875-10.535156 2.796875zm0 0"
              />
              <path
                d="m333.632812 421.761719c-3.585937 0-7.210937-.898438-10.539062-2.796875l-197.953125-112.851563c-10.21875-5.824219-13.800781-18.859375-7.976563-29.101562 5.800782-10.238281 18.855469-13.84375 29.097657-7.976563l197.953125 112.851563c10.21875 5.824219 13.800781 18.859375 7.976562 29.101562-3.945312 6.910157-11.15625 10.773438-18.558594 10.773438zm0 0"
              />
            </svg>
          </button>
          <button
            class="sc-Axmtr iQqYeV"
          >
            <svg
              class="sc-fzozJi jJzNqA"
              viewBox="-60 0 600 512"
            >
              <path
                d="m246.122 477.289c-144.417-126.367-246.122-193.304-246.122-299.774 0-80.513 57.4-146.515 136-146.515 54.544 0 95.017 33.497 120 81.015 24.981-47.515 65.454-81.015 120-81.015 78.609 0 136 66.015 136 146.515 0 106.457-101.572 173.291-246.122 299.773-5.657 4.949-14.1 4.949-19.756.001z"
              />
            </svg>
            <span
              class="sc-AxmLO FZMfn"
            >
              Favorite
            </span>
          </button>
        </div>
      </div>
      <h1
        class="sc-fznKkj eBozcq"
        type="subsection"
      >
        Specials
      </h1>
      <div
        class="sc-fzoYHE giVbyN"
      >
        <div
          class="sc-fzoant lljhYp slideContainer"
          width="3072"
        >
          <div
            class="sc-fzomME fpXdXJ"
          >
            <div
              class="sc-fznZeY LPpqK"
            >
              <div
                class="sc-fzokOt dscyNw"
                type="catalogue"
              />
              <svg
                class="sc-fzqBZW bwLEiJ"
                viewBox="0 0 292.362 292.361"
                x="0px"
                y="0px"
              >
                <path
                  d="M286.935,197.287L159.028,69.381c-3.613-3.617-7.895-5.424-12.847-5.424s-9.233,1.807-12.85,5.424L5.424,197.287
 C1.807,200.904,0,205.186,0,210.134s1.807,9.233,5.424,12.847c3.621,3.617,7.902,5.425,12.85,5.425h255.813
 c4.949,0,9.233-1.808,12.848-5.425c3.613-3.613,5.427-7.898,5.427-12.847S290.548,200.904,286.935,197.287z"
                />
              </svg>
            </div>
            <div
              class="sc-fznZeY LPpqK"
            >
              <div
                class="sc-fzokOt dscyNw"
                type="catalogue"
              />
              <svg
                class="sc-fzqBZW bwLEiJ"
                viewBox="0 0 292.362 292.361"
                x="0px"
                y="0px"
              >
                <path
                  d="M286.935,197.287L159.028,69.381c-3.613-3.617-7.895-5.424-12.847-5.424s-9.233,1.807-12.85,5.424L5.424,197.287
 C1.807,200.904,0,205.186,0,210.134s1.807,9.233,5.424,12.847c3.621,3.617,7.902,5.425,12.85,5.425h255.813
 c4.949,0,9.233-1.808,12.848-5.425c3.613-3.613,5.427-7.898,5.427-12.847S290.548,200.904,286.935,197.287z"
                />
              </svg>
            </div>
          </div>
          <div
            class="sc-fzomME fpXdXJ"
          >
            <div
              class="sc-fznZeY LPpqK"
            >
              <div
                class="sc-fzokOt dscyNw"
                type="catalogue"
              />
              <svg
                class="sc-fzqBZW bwLEiJ"
                viewBox="0 0 292.362 292.361"
                x="0px"
                y="0px"
              >
                <path
                  d="M286.935,197.287L159.028,69.381c-3.613-3.617-7.895-5.424-12.847-5.424s-9.233,1.807-12.85,5.424L5.424,197.287
 C1.807,200.904,0,205.186,0,210.134s1.807,9.233,5.424,12.847c3.621,3.617,7.902,5.425,12.85,5.425h255.813
 c4.949,0,9.233-1.808,12.848-5.425c3.613-3.613,5.427-7.898,5.427-12.847S290.548,200.904,286.935,197.287z"
                />
              </svg>
            </div>
            <div
              class="sc-fznZeY LPpqK"
            >
              <div
                class="sc-fzokOt dscyNw"
                type="catalogue"
              />
              <svg
                class="sc-fzqBZW bwLEiJ"
                viewBox="0 0 292.362 292.361"
                x="0px"
                y="0px"
              >
                <path
                  d="M286.935,197.287L159.028,69.381c-3.613-3.617-7.895-5.424-12.847-5.424s-9.233,1.807-12.85,5.424L5.424,197.287
 C1.807,200.904,0,205.186,0,210.134s1.807,9.233,5.424,12.847c3.621,3.617,7.902,5.425,12.85,5.425h255.813
 c4.949,0,9.233-1.808,12.848-5.425c3.613-3.613,5.427-7.898,5.427-12.847S290.548,200.904,286.935,197.287z"
                />
              </svg>
            </div>
            <div
              class="sc-fznZeY LPpqK"
            >
              <div
                class="sc-fzokOt dscyNw"
                type="catalogue"
              />
              <svg
                class="sc-fzqBZW bwLEiJ"
                viewBox="0 0 292.362 292.361"
                x="0px"
                y="0px"
              >
                <path
                  d="M286.935,197.287L159.028,69.381c-3.613-3.617-7.895-5.424-12.847-5.424s-9.233,1.807-12.85,5.424L5.424,197.287
 C1.807,200.904,0,205.186,0,210.134s1.807,9.233,5.424,12.847c3.621,3.617,7.902,5.425,12.85,5.425h255.813
 c4.949,0,9.233-1.808,12.848-5.425c3.613-3.613,5.427-7.898,5.427-12.847S290.548,200.904,286.935,197.287z"
                />
              </svg>
            </div>
            <div
              class="sc-fznZeY LPpqK"
            >
              <div
                class="sc-fzokOt dscyNw"
                type="catalogue"
              />
              <svg
                class="sc-fzqBZW bwLEiJ"
                viewBox="0 0 292.362 292.361"
                x="0px"
                y="0px"
              >
                <path
                  d="M286.935,197.287L159.028,69.381c-3.613-3.617-7.895-5.424-12.847-5.424s-9.233,1.807-12.85,5.424L5.424,197.287
 C1.807,200.904,0,205.186,0,210.134s1.807,9.233,5.424,12.847c3.621,3.617,7.902,5.425,12.85,5.425h255.813
 c4.949,0,9.233-1.808,12.848-5.425c3.613-3.613,5.427-7.898,5.427-12.847S290.548,200.904,286.935,197.287z"
                />
              </svg>
            </div>
            <div
              class="sc-fznZeY LPpqK"
            >
              <div
                class="sc-fzokOt dscyNw"
                type="catalogue"
              />
              <svg
                class="sc-fzqBZW bwLEiJ"
                viewBox="0 0 292.362 292.361"
                x="0px"
                y="0px"
              >
                <path
                  d="M286.935,197.287L159.028,69.381c-3.613-3.617-7.895-5.424-12.847-5.424s-9.233,1.807-12.85,5.424L5.424,197.287
 C1.807,200.904,0,205.186,0,210.134s1.807,9.233,5.424,12.847c3.621,3.617,7.902,5.425,12.85,5.425h255.813
 c4.949,0,9.233-1.808,12.848-5.425c3.613-3.613,5.427-7.898,5.427-12.847S290.548,200.904,286.935,197.287z"
                />
              </svg>
            </div>
            <div
              class="sc-fznZeY LPpqK"
            >
              <div
                class="sc-fzokOt dscyNw"
                type="catalogue"
              />
              <svg
                class="sc-fzqBZW bwLEiJ"
                viewBox="0 0 292.362 292.361"
                x="0px"
                y="0px"
              >
                <path
                  d="M286.935,197.287L159.028,69.381c-3.613-3.617-7.895-5.424-12.847-5.424s-9.233,1.807-12.85,5.424L5.424,197.287
 C1.807,200.904,0,205.186,0,210.134s1.807,9.233,5.424,12.847c3.621,3.617,7.902,5.425,12.85,5.425h255.813
 c4.949,0,9.233-1.808,12.848-5.425c3.613-3.613,5.427-7.898,5.427-12.847S290.548,200.904,286.935,197.287z"
                />
              </svg>
            </div>
          </div>
          <div
            class="sc-fzomME fpXdXJ"
          >
            <div
              class="sc-fznZeY LPpqK"
            >
              <div
                class="sc-fzokOt dscyNw"
                type="catalogue"
              />
              <svg
                class="sc-fzqBZW bwLEiJ"
                viewBox="0 0 292.362 292.361"
                x="0px"
                y="0px"
              >
                <path
                  d="M286.935,197.287L159.028,69.381c-3.613-3.617-7.895-5.424-12.847-5.424s-9.233,1.807-12.85,5.424L5.424,197.287
 C1.807,200.904,0,205.186,0,210.134s1.807,9.233,5.424,12.847c3.621,3.617,7.902,5.425,12.85,5.425h255.813
 c4.949,0,9.233-1.808,12.848-5.425c3.613-3.613,5.427-7.898,5.427-12.847S290.548,200.904,286.935,197.287z"
                />
              </svg>
            </div>
            <div
              class="sc-fznZeY LPpqK"
            >
              <div
                class="sc-fzokOt dscyNw"
                type="catalogue"
              />
              <svg
                class="sc-fzqBZW bwLEiJ"
                viewBox="0 0 292.362 292.361"
                x="0px"
                y="0px"
              >
                <path
                  d="M286.935,197.287L159.028,69.381c-3.613-3.617-7.895-5.424-12.847-5.424s-9.233,1.807-12.85,5.424L5.424,197.287
 C1.807,200.904,0,205.186,0,210.134s1.807,9.233,5.424,12.847c3.621,3.617,7.902,5.425,12.85,5.425h255.813
 c4.949,0,9.233-1.808,12.848-5.425c3.613-3.613,5.427-7.898,5.427-12.847S290.548,200.904,286.935,197.287z"
                />
              </svg>
            </div>
          </div>
        </div>
        <button
          class="sc-fzqAbL fGXLgk"
          direction="left"
        >
          <svg
            class="sc-fzqMAW cnVNQa"
            viewBox="0 0 256 256"
            x="0px"
            y="0px"
          >
            <polygon
              points="207.093,30.187 176.907,0 48.907,128 176.907,256 207.093,225.813 109.28,128"
            />
          </svg>
        </button>
        <button
          class="sc-fzqAbL dIIulT"
          direction="right"
        >
          <svg
            class="sc-fzqMAW cnVNQa"
            viewBox="0 0 256 256"
            x="0px"
            y="0px"
          >
            <polygon
              points="79.093,0 48.907,30.187 146.72,128 48.907,225.813 79.093,256 207.093,128 		"
            />
          </svg>
        </button>
      </div>
      <div
        class="sc-fzoydu bCoDuu"
      >
        <span
          class="sc-fzoJMP hkoDYr"
        />
        <span
          class="sc-fzoJMP fmgZOF"
        />
      </div>
      <div
        class="sc-fznxsB lkfNOA"
      >
        <div
          class="sc-fzoiQi bWpGjR"
        />
        <h2
          class="sc-fznJRM kyXwjJ"
        >
          Walk Your Way Out
        </h2>
        <p
          class="sc-fznWqX jhQvto"
        >
          Lorem ipsum dolor sit amet, consectetur adipiscing elit. Nulla auctor vulputate purus, eget consequat ante aliquet in. Ut fringilla ultrices ullamcorper. Phasellus consequat mattis urna, ut ultricies lorem vulputate in. Nulla tincidunt justo at sapien pulvinar congue. Cras lacinia, urna quis molestie ullamcorper, ante odio varius lacus, a dapibus tortor tellus pulvinar dui. Suspendisse aliquet enim et venenatis finibus. Fusce pellentesque pellentesque eleifend. Vivamus accumsan, urna vitae dapibus auctor, justo nunc aliquet lacus, ut pretium nisi turpis non tellus.
        </p>
        <div
          class="sc-fzqARJ cwvuix"
        >
          <form
            class="sc-fzqNJr jvPbwx"
          >
            <input
              class="sc-fzoyAV kxouye"
              id="star-1"
              name="rating"
              type="radio"
              value="1"
            />
            <label
              class="sc-fzoLag fVnLlS"
              for="star-1"
            >
              <svg
                viewBox="0 0 512 512"
                x="0px"
                y="0px"
              >
                <polygon
                  points="512,197.816 325.961,185.585 255.898,9.569 185.835,185.585 0,197.816 142.534,318.842 95.762,502.431 255.898,401.21 416.035,502.431 369.263,318.842"
                />
              </svg>
            </label>
            <input
              class="sc-fzoyAV kxouye"
              id="star-2"
              name="rating"
              type="radio"
              value="2"
            />
            <label
              class="sc-fzoLag fVnLlS"
              for="star-2"
            >
              <svg
                viewBox="0 0 512 512"
                x="0px"
                y="0px"
              >
                <polygon
                  points="512,197.816 325.961,185.585 255.898,9.569 185.835,185.585 0,197.816 142.534,318.842 95.762,502.431 255.898,401.21 416.035,502.431 369.263,318.842"
                />
              </svg>
            </label>
            <input
              class="sc-fzoyAV kxouye"
              id="star-3"
              name="rating"
              type="radio"
              value="3"
            />
            <label
              class="sc-fzoLag fVnLlS"
              for="star-3"
            >
              <svg
                viewBox="0 0 512 512"
                x="0px"
                y="0px"
              >
                <polygon
                  points="512,197.816 325.961,185.585 255.898,9.569 185.835,185.585 0,197.816 142.534,318.842 95.762,502.431 255.898,401.21 416.035,502.431 369.263,318.842"
                />
              </svg>
            </label>
            <input
              class="sc-fzoyAV kxouye"
              id="star-4"
              name="rating"
              type="radio"
              value="4"
            />
            <label
              class="sc-fzoLag fVnLlS"
              for="star-4"
            >
              <svg
                viewBox="0 0 512 512"
                x="0px"
                y="0px"
              >
                <polygon
                  points="512,197.816 325.961,185.585 255.898,9.569 185.835,185.585 0,197.816 142.534,318.842 95.762,502.431 255.898,401.21 416.035,502.431 369.263,318.842"
                />
              </svg>
            </label>
            <input
              class="sc-fzoyAV kxouye"
              id="star-5"
              name="rating"
              type="radio"
              value="5"
            />
            <label
              class="sc-fzoLag fVnLlS"
              for="star-5"
            >
              <svg
                viewBox="0 0 512 512"
                x="0px"
                y="0px"
              >
                <polygon
                  points="512,197.816 325.961,185.585 255.898,9.569 185.835,185.585 0,197.816 142.534,318.842 95.762,502.431 255.898,401.21 416.035,502.431 369.263,318.842"
                />
              </svg>
            </label>
          </form>
        </div>
        <div
          class="sc-fzqNqU jOIcUT"
        >
          <a
            class="sc-fzoXzr fzvxPM"
            href="https://www.netflix.com"
          >
            <img
              class="sc-fzpjYC fWddqx"
              src="[object Object]"
              title="netflix"
              type="netflix"
            />
          </a>
          <a
            class="sc-fzoXzr fzvxPM"
            href="https://www.hulu.com"
          >
            <img
              class="sc-fzpjYC cGRcwV"
              src="[object Object]"
              title="hulu"
              type="hulu"
            />
          </a>
          <a
            class="sc-fzoXzr fzvxPM"
            href="https://www.primevideo.com"
          >
            <img
              class="sc-fzpjYC bsTYhf"
              src="[object Object]"
              title="amazon-prime"
              type="amazon-prime"
            />
          </a>
          <a
            class="sc-fzoXzr fzvxPM"
            href="https://www.youtube.com"
          >
            <img
              class="sc-fzpjYC fWddqx"
              src="[object Object]"
              title="youtube"
              type="youtube"
            />
          </a>
          <a
            class="sc-fzoXzr fzvxPM"
            href="https://www.hbomax.com"
          >
            <img
              class="sc-fzpjYC jRVGPb"
              src="[object Object]"
              title="hbo-max"
              type="hbo-max"
            />
          </a>
        </div>
      </div>
      <h1
        class="sc-fznKkj eBozcq"
        type="subsection"
      >
        Tour Dates
      </h1>
      <div
        class="sc-fzqBkg kFsWCx"
      >
        <div
          class="sc-fzoxKX dUIGPH"
        >
          <svg
            class="sc-fzqPZZ gMQnUe"
            viewBox="0 0 512 512"
            x="0px"
            y="0px"
          >
            <path
              d="M256,0C115.2,0,0,115.2,0,256s115.2,256,256,256s256-115.2,256-256S396.8,0,256,0z M256,51.2
 c28.16,0,48.64,23.04,46.08,51.2L281.6,307.2h-51.2l-20.48-204.8C207.36,74.24,227.84,51.2,256,51.2z M256,460.8
 c-28.16,0-51.2-23.04-51.2-51.2c0-28.16,23.04-51.2,51.2-51.2s51.2,23.04,51.2,51.2C307.2,437.76,284.16,460.8,256,460.8z"
            />
          </svg>
          New Date!
        </div>
        <div
          class="sc-fzoKki lfkqZT"
        >
          <div
            class="sc-fzoYkl eCePQv"
          >
            <div
              class="sc-fzpkJw hjFbiE"
            >
              <span
                class="sc-AxgMl cVbBHD"
                type="account"
              />
              <span
                class="sc-fznMAR dLUmRY"
              >
                Hanibal Buress
              </span>
            </div>
            <button
              class="sc-fzolEj bXPioA"
              type="tourDate"
            >
              <a
                class="sc-fznWOq ghGARJ"
                href=""
              >
                Get Tickets!
              </a>
            </button>
          </div>
          <h3
            class="sc-fznzOf iQOeeF"
          >
            Baltimore, MD - Vincent Theater
          </h3>
          <div
            class="sc-fznMnq gPZIx"
          >
            July 28th . 2020
          </div>
          <div
            class="sc-fznMnq gPZIx"
          >
            Sunday . 8:30pm
          </div>
        </div>
      </div>
      <div
        class="sc-fzqBkg kFsWCx"
      >
        <div
          class="sc-fzoxKX dUIGPH"
        >
          <svg
            class="sc-fzqPZZ gMQnUe"
            viewBox="0 0 512 512"
            x="0px"
            y="0px"
          >
            <path
              d="M256,0C115.2,0,0,115.2,0,256s115.2,256,256,256s256-115.2,256-256S396.8,0,256,0z M256,51.2
 c28.16,0,48.64,23.04,46.08,51.2L281.6,307.2h-51.2l-20.48-204.8C207.36,74.24,227.84,51.2,256,51.2z M256,460.8
 c-28.16,0-51.2-23.04-51.2-51.2c0-28.16,23.04-51.2,51.2-51.2s51.2,23.04,51.2,51.2C307.2,437.76,284.16,460.8,256,460.8z"
            />
          </svg>
          New Date!
        </div>
        <div
          class="sc-fzoKki lfkqZT"
        >
          <div
            class="sc-fzoYkl eCePQv"
          >
            <div
              class="sc-fzpkJw hjFbiE"
            >
              <span
                class="sc-AxgMl cVbBHD"
                type="account"
              />
              <span
                class="sc-fznMAR dLUmRY"
              >
                Hanibal Buress
              </span>
            </div>
            <button
              class="sc-fzolEj bXPioA"
              type="tourDate"
            >
              <a
                class="sc-fznWOq ghGARJ"
                href=""
              >
                Get Tickets!
              </a>
            </button>
          </div>
          <h3
            class="sc-fznzOf iQOeeF"
          >
            Baltimore, MD - Vincent Theater
          </h3>
          <div
            class="sc-fznMnq gPZIx"
          >
            July 28th . 2020
          </div>
          <div
            class="sc-fznMnq gPZIx"
          >
            Sunday . 8:30pm
          </div>
        </div>
      </div>
      <div
        class="sc-fzqBkg kFsWCx"
      >
        <div
          class="sc-fzoxKX dUIGPH"
        >
          <svg
            class="sc-fzqPZZ gMQnUe"
            viewBox="0 0 512 512"
            x="0px"
            y="0px"
          >
            <path
              d="M256,0C115.2,0,0,115.2,0,256s115.2,256,256,256s256-115.2,256-256S396.8,0,256,0z M256,51.2
 c28.16,0,48.64,23.04,46.08,51.2L281.6,307.2h-51.2l-20.48-204.8C207.36,74.24,227.84,51.2,256,51.2z M256,460.8
 c-28.16,0-51.2-23.04-51.2-51.2c0-28.16,23.04-51.2,51.2-51.2s51.2,23.04,51.2,51.2C307.2,437.76,284.16,460.8,256,460.8z"
            />
          </svg>
          New Date!
        </div>
        <div
          class="sc-fzoKki lfkqZT"
        >
          <div
            class="sc-fzoYkl eCePQv"
          >
            <div
              class="sc-fzpkJw hjFbiE"
            >
              <span
                class="sc-AxgMl cVbBHD"
                type="account"
              />
              <span
                class="sc-fznMAR dLUmRY"
              >
                Hanibal Buress
              </span>
            </div>
            <button
              class="sc-fzolEj bXPioA"
              type="tourDate"
            >
              <a
                class="sc-fznWOq ghGARJ"
                href=""
              >
                Get Tickets!
              </a>
            </button>
          </div>
          <h3
            class="sc-fznzOf iQOeeF"
          >
            Baltimore, MD - Vincent Theater
          </h3>
          <div
            class="sc-fznMnq gPZIx"
          >
            July 28th . 2020
          </div>
          <div
            class="sc-fznMnq gPZIx"
          >
            Sunday . 8:30pm
          </div>
        </div>
      </div>
      <div
        class="sc-fzqBkg kFsWCx"
      >
        <div
          class="sc-fzoxKX dUIGPH"
        >
          <svg
            class="sc-fzqPZZ gMQnUe"
            viewBox="0 0 512 512"
            x="0px"
            y="0px"
          >
            <path
              d="M256,0C115.2,0,0,115.2,0,256s115.2,256,256,256s256-115.2,256-256S396.8,0,256,0z M256,51.2
 c28.16,0,48.64,23.04,46.08,51.2L281.6,307.2h-51.2l-20.48-204.8C207.36,74.24,227.84,51.2,256,51.2z M256,460.8
 c-28.16,0-51.2-23.04-51.2-51.2c0-28.16,23.04-51.2,51.2-51.2s51.2,23.04,51.2,51.2C307.2,437.76,284.16,460.8,256,460.8z"
            />
          </svg>
          New Date!
        </div>
        <div
          class="sc-fzoKki lfkqZT"
        >
          <div
            class="sc-fzoYkl eCePQv"
          >
            <div
              class="sc-fzpkJw hjFbiE"
            >
              <span
                class="sc-AxgMl cVbBHD"
                type="account"
              />
              <span
                class="sc-fznMAR dLUmRY"
              >
                Hanibal Buress
              </span>
            </div>
            <button
              class="sc-fzolEj bXPioA"
              type="tourDate"
            >
              <a
                class="sc-fznWOq ghGARJ"
                href=""
              >
                Get Tickets!
              </a>
            </button>
          </div>
          <h3
            class="sc-fznzOf iQOeeF"
          >
            Baltimore, MD - Vincent Theater
          </h3>
          <div
            class="sc-fznMnq gPZIx"
          >
            July 28th . 2020
          </div>
          <div
            class="sc-fznMnq gPZIx"
          >
            Sunday . 8:30pm
          </div>
        </div>
      </div>
      <div
        class="sc-fzqBkg kFsWCx"
      >
        <div
          class="sc-fzoxKX dUIGPH"
        >
          <svg
            class="sc-fzqPZZ gMQnUe"
            viewBox="0 0 512 512"
            x="0px"
            y="0px"
          >
            <path
              d="M256,0C115.2,0,0,115.2,0,256s115.2,256,256,256s256-115.2,256-256S396.8,0,256,0z M256,51.2
 c28.16,0,48.64,23.04,46.08,51.2L281.6,307.2h-51.2l-20.48-204.8C207.36,74.24,227.84,51.2,256,51.2z M256,460.8
 c-28.16,0-51.2-23.04-51.2-51.2c0-28.16,23.04-51.2,51.2-51.2s51.2,23.04,51.2,51.2C307.2,437.76,284.16,460.8,256,460.8z"
            />
          </svg>
          New Date!
        </div>
        <div
          class="sc-fzoKki lfkqZT"
        >
          <div
            class="sc-fzoYkl eCePQv"
          >
            <div
              class="sc-fzpkJw hjFbiE"
            >
              <span
                class="sc-AxgMl cVbBHD"
                type="account"
              />
              <span
                class="sc-fznMAR dLUmRY"
              >
                Hanibal Buress
              </span>
            </div>
            <button
              class="sc-fzolEj bXPioA"
              type="tourDate"
            >
              <a
                class="sc-fznWOq ghGARJ"
                href=""
              >
                Get Tickets!
              </a>
            </button>
          </div>
          <h3
            class="sc-fznzOf iQOeeF"
          >
            Baltimore, MD - Vincent Theater
          </h3>
          <div
            class="sc-fznMnq gPZIx"
          >
            July 28th . 2020
          </div>
          <div
            class="sc-fznMnq gPZIx"
          >
            Sunday . 8:30pm
          </div>
        </div>
      </div>
      <div
        class="sc-fzqBkg kFsWCx"
      >
        <div
          class="sc-fzoxKX dUIGPH"
        >
          <svg
            class="sc-fzqPZZ gMQnUe"
            viewBox="0 0 512 512"
            x="0px"
            y="0px"
          >
            <path
              d="M256,0C115.2,0,0,115.2,0,256s115.2,256,256,256s256-115.2,256-256S396.8,0,256,0z M256,51.2
 c28.16,0,48.64,23.04,46.08,51.2L281.6,307.2h-51.2l-20.48-204.8C207.36,74.24,227.84,51.2,256,51.2z M256,460.8
 c-28.16,0-51.2-23.04-51.2-51.2c0-28.16,23.04-51.2,51.2-51.2s51.2,23.04,51.2,51.2C307.2,437.76,284.16,460.8,256,460.8z"
            />
          </svg>
          New Date!
        </div>
        <div
          class="sc-fzoKki lfkqZT"
        >
          <div
            class="sc-fzoYkl eCePQv"
          >
            <div
              class="sc-fzpkJw hjFbiE"
            >
              <span
                class="sc-AxgMl cVbBHD"
                type="account"
              />
              <span
                class="sc-fznMAR dLUmRY"
              >
                Hanibal Buress
              </span>
            </div>
            <button
              class="sc-fzolEj bXPioA"
              type="tourDate"
            >
              <a
                class="sc-fznWOq ghGARJ"
                href=""
              >
                Get Tickets!
              </a>
            </button>
          </div>
          <h3
            class="sc-fznzOf iQOeeF"
          >
            Baltimore, MD - Vincent Theater
          </h3>
          <div
            class="sc-fznMnq gPZIx"
          >
            July 28th . 2020
          </div>
          <div
            class="sc-fznMnq gPZIx"
          >
            Sunday . 8:30pm
          </div>
        </div>
      </div>
      <div
        class="sc-fzqBkg kFsWCx"
      >
        <div
          class="sc-fzoxKX dUIGPH"
        >
          <svg
            class="sc-fzqPZZ gMQnUe"
            viewBox="0 0 512 512"
            x="0px"
            y="0px"
          >
            <path
              d="M256,0C115.2,0,0,115.2,0,256s115.2,256,256,256s256-115.2,256-256S396.8,0,256,0z M256,51.2
 c28.16,0,48.64,23.04,46.08,51.2L281.6,307.2h-51.2l-20.48-204.8C207.36,74.24,227.84,51.2,256,51.2z M256,460.8
 c-28.16,0-51.2-23.04-51.2-51.2c0-28.16,23.04-51.2,51.2-51.2s51.2,23.04,51.2,51.2C307.2,437.76,284.16,460.8,256,460.8z"
            />
          </svg>
          New Date!
        </div>
        <div
          class="sc-fzoKki lfkqZT"
        >
          <div
            class="sc-fzoYkl eCePQv"
          >
            <div
              class="sc-fzpkJw hjFbiE"
            >
              <span
                class="sc-AxgMl cVbBHD"
                type="account"
              />
              <span
                class="sc-fznMAR dLUmRY"
              >
                Hanibal Buress
              </span>
            </div>
            <button
              class="sc-fzolEj bXPioA"
              type="tourDate"
            >
              <a
                class="sc-fznWOq ghGARJ"
                href=""
              >
                Get Tickets!
              </a>
            </button>
          </div>
          <h3
            class="sc-fznzOf iQOeeF"
          >
            Baltimore, MD - Vincent Theater
          </h3>
          <div
            class="sc-fznMnq gPZIx"
          >
            July 28th . 2020
          </div>
          <div
            class="sc-fznMnq gPZIx"
          >
            Sunday . 8:30pm
          </div>
        </div>
      </div>
      <h1
        class="sc-fznKkj eBozcq"
        type="subsection"
      >
        Popular Videos
      </h1>
      <div
        class="sc-fzoYHE giVbyN"
      >
        <div
          class="sc-fzoant lljhYp slideContainer"
          width="3072"
        >
          <div
            class="sc-fzomME fpXdXJ"
          >
            <iframe
              allow="accelerometer; autoplay; clipboard-write; encrypted-media; gyroscope; picture-in-picture"
              class="sc-fzoyTs etpwev"
              src="https://www.youtube.com/embed/1HIfNI92Mjw"
            />
          </div>
          <div
            class="sc-fzomME fpXdXJ"
          >
            <iframe
              allow="accelerometer; autoplay; clipboard-write; encrypted-media; gyroscope; picture-in-picture"
              class="sc-fzoyTs etpwev"
              src="https://www.youtube.com/embed/WdgDqrPAZcE"
            />
          </div>
          <div
            class="sc-fzomME fpXdXJ"
          >
            <iframe
              allow="accelerometer; autoplay; clipboard-write; encrypted-media; gyroscope; picture-in-picture"
              class="sc-fzoyTs etpwev"
              src="https://www.youtube.com/embed/1HIfNI92Mjw"
            />
          </div>
        </div>
        <button
          class="sc-fzqAbL fGXLgk"
          direction="left"
        >
          <svg
            class="sc-fzqMAW cnVNQa"
            viewBox="0 0 256 256"
            x="0px"
            y="0px"
          >
            <polygon
              points="207.093,30.187 176.907,0 48.907,128 176.907,256 207.093,225.813 109.28,128"
            />
          </svg>
        </button>
        <button
          class="sc-fzqAbL dIIulT"
          direction="right"
        >
          <svg
            class="sc-fzqMAW cnVNQa"
            viewBox="0 0 256 256"
            x="0px"
            y="0px"
          >
            <polygon
              points="79.093,0 48.907,30.187 146.72,128 48.907,225.813 79.093,256 207.093,128 		"
            />
          </svg>
        </button>
      </div>
      <div
        class="sc-fzoydu bCoDuu"
      >
        <span
          class="sc-fzoJMP hkoDYr"
        />
        <span
          class="sc-fzoJMP fmgZOF"
        />
      </div>
      <div>
        <h1
          class="sc-fznKkj bSCHAl"
          type="subsection"
        >
          Bill Burr Fans also like...
        </h1>
        <div
          class="sc-fzoxnE dhoqdO"
        >
          <a
            class="sc-fznxKY qkRgH"
            href="/comedians?name=undefined"
          >
            <div
              class="sc-fzoXWK kGAyZU"
            >
              <span
                class="sc-AxgMl cVa-DKL"
                type="comedianWindow"
              />
              <h3
                class="sc-fzpmMD kdEXiC"
              >
                Comedian
              </h3>
              <div>
                <button
                  class="sc-fzoNJl iDHuqJ"
                >
                  Crude
                </button>
                <button
                  class="sc-fzoNJl iDHuqJ"
                >
                  Smart
                </button>
                <button
                  class="sc-fzoNJl iDHuqJ"
                >
                  Boston
                </button>
                <button
                  class="sc-fzoNJl iDHuqJ"
                >
                  Italian
                </button>
              </div>
            </div>
          </a>
          <a
            class="sc-fznxKY qkRgH"
            href="/comedians?name=undefined"
          >
            <div
              class="sc-fzoXWK kGAyZU"
            >
              <span
                class="sc-AxgMl cVa-DKL"
                type="comedianWindow"
              />
              <h3
                class="sc-fzpmMD kdEXiC"
              >
                Comedian
              </h3>
              <div>
                <button
                  class="sc-fzoNJl iDHuqJ"
                >
                  Crude
                </button>
                <button
                  class="sc-fzoNJl iDHuqJ"
                >
                  Smart
                </button>
                <button
                  class="sc-fzoNJl iDHuqJ"
                >
                  Boston
                </button>
                <button
                  class="sc-fzoNJl iDHuqJ"
                >
                  Italian
                </button>
              </div>
            </div>
          </a>
          <a
            class="sc-fznxKY qkRgH"
            href="/comedians?name=undefined"
          >
            <div
              class="sc-fzoXWK kGAyZU"
            >
              <span
                class="sc-AxgMl cVa-DKL"
                type="comedianWindow"
              />
              <h3
                class="sc-fzpmMD kdEXiC"
              >
                Comedian
              </h3>
              <div>
                <button
                  class="sc-fzoNJl iDHuqJ"
                >
                  Crude
                </button>
                <button
                  class="sc-fzoNJl iDHuqJ"
                >
                  Smart
                </button>
                <button
                  class="sc-fzoNJl iDHuqJ"
                >
                  Boston
                </button>
                <button
                  class="sc-fzoNJl iDHuqJ"
                >
                  Italian
                </button>
              </div>
            </div>
          </a>
          <a
            class="sc-fznxKY qkRgH"
            href="/comedians?name=undefined"
          >
            <div
              class="sc-fzoXWK kGAyZU"
            >
              <span
                class="sc-AxgMl cVa-DKL"
                type="comedianWindow"
              />
              <h3
                class="sc-fzpmMD kdEXiC"
              >
                Comedian
              </h3>
              <div>
                <button
                  class="sc-fzoNJl iDHuqJ"
                >
                  Crude
                </button>
                <button
                  class="sc-fzoNJl iDHuqJ"
                >
                  Smart
                </button>
                <button
                  class="sc-fzoNJl iDHuqJ"
                >
                  Boston
                </button>
                <button
                  class="sc-fzoNJl iDHuqJ"
                >
                  Italian
                </button>
              </div>
            </div>
          </a>
        </div>
      </div>
      <div>
        <h1
          class="sc-fznKkj bSCHAl"
          type="subsection"
        >
          Comments
        </h1>
        <form
          class="sc-fzoaKM gmRViI"
        >
          <div
            class="sc-fzqAui jvHsTY"
          >
            <span
              class="sc-fzomuh hvVYtW"
            >
              <span
                class="sc-AxgMl cVbBHD"
                type="account"
              />
            </span>
            <div>
              <div
                class="sc-fznAgC hKmjvs"
                contenteditable="true"
                placeholder="Leave a comment!"
              />
              <span
                class="sc-fzpkqZ iErCPs"
              />
            </div>
          </div>
          <span
            class="sc-fzqMdD cygamE"
          >
            <button
              class="sc-fznLPX jmsSRE"
            >
              Submit
            </button>
          </span>
        </form>
        <div
          class="sc-fzpisO fFXZWo"
        >
          <div
            class="sc-fznyYp izOFaA"
          >
            <span
              class="sc-AxgMl cVbBHD"
              type="account"
            />
          </div>
          <div
            class="sc-fznLxA iRvsHw"
          >
            <span
              class="sc-fznMAR dLUmRY"
            >
              Corey Rozenblat
            </span>
            <span
              class="sc-fznXWL kvqnbS"
            >
              3 months ago
            </span>
            <p
              class="sc-fzokvW keHzK"
            >
              EFRSFIMSEOFseofiseofunsefoiesfoifmosiemfoeisfoesifmesoifmoesifmse'fsefmiosfmseofisemfoisemfesfes fsmefisefoesfismefoesmefoismeofmoemfoefmeoifmsoeifmsoiefmseoimfoesifoisemfosfmoeimfosimfosiemfoeismfoisemofimoiemfos
            </p>
            <span
              class="sc-fzowVh dxKEWd"
            >
              <button
                class="sc-fzoJus iIPpEP"
              >
                <svg
                  viewBox="0 0 512 512"
                  x="0px"
                  y="0px"
                >
                  <g>
                    <path
                      d="M53.333,224C23.936,224,0,247.936,0,277.333V448c0,29.397,23.936,53.333,53.333,53.333h64
 c12.011,0,23.061-4.053,32-10.795V224H53.333z"
                    />
                  </g>
                  <g>
                    <path
                      d="M512,304c0-12.821-5.077-24.768-13.888-33.579c9.963-10.901,15.04-25.515,13.653-40.725
 c-2.496-27.115-26.923-48.363-55.637-48.363H324.352c6.528-19.819,16.981-56.149,16.981-85.333c0-46.272-39.317-85.333-64-85.333
 c-22.165,0-37.995,12.48-38.677,12.992c-2.517,2.027-3.989,5.099-3.989,8.341v72.341l-61.44,133.099l-2.56,1.301v228.651
 C188.032,475.584,210.005,480,224,480h195.819c23.232,0,43.563-15.659,48.341-37.269c2.453-11.115,1.024-22.315-3.861-32.043
 c15.765-7.936,26.368-24.171,26.368-42.688c0-7.552-1.728-14.784-5.013-21.333C501.419,338.731,512,322.496,512,304z"
                    />
                  </g>
                </svg>
              </button>
              <span
                class="sc-fzoVTD gpAbX"
              >
                23
              </span>
            </span>
          </div>
        </div>
      </div>
    </div>
  </body>,
  "container": <div>
    <div
      class="sc-AxjAm kQuezj"
    >
      <div
        class="sc-AxirZ gEPubH"
      />
      <div
        class="sc-AxiKw ldqXil"
      >
        <h1
          class="sc-AxhCb lTGTM"
        />
        <p
          class="sc-AxhUy kwQueO"
        />
        <span
          class="sc-fzqzlV gRyNSk"
        >
          <span
            class="sc-AxgMl fyrOJv"
            type="comedianBanner"
          />
        </span>
      </div>
    </div>
    <span
      class="sc-fzqLLg iLPhz"
    >
      <button
        class="sc-AxheI PymrZ"
      />
      <button
        class="sc-AxheI PymrZ"
      />
      <button
        class="sc-AxheI PymrZ"
      />
      <button
        class="sc-AxheI PymrZ"
      />
    </span>
    <div
      class="sc-fzplWN fFDLKT"
    >
      <div
        class="sc-fznyAO eVYElN"
      >
        <button
          class="sc-fzoLsD hJBRpB"
        >
          <svg
            class="sc-fzpans cUGYir"
            viewBox="-21 0 512 512"
          >
            <path
              d="m453.332031 85.332031c0 38.292969-31.039062 69.335938-69.332031 69.335938s-69.332031-31.042969-69.332031-69.335938c0-38.289062 31.039062-69.332031 69.332031-69.332031s69.332031 31.042969 69.332031 69.332031zm0 0"
            />
            <path
              d="m384 170.667969c-47.0625 0-85.332031-38.273438-85.332031-85.335938 0-47.058593 38.269531-85.332031 85.332031-85.332031s85.332031 38.273438 85.332031 85.332031c0 47.0625-38.269531 85.335938-85.332031 85.335938zm0-138.667969c-29.417969 0-53.332031 23.9375-53.332031 53.332031 0 29.398438 23.914062 53.335938 53.332031 53.335938s53.332031-23.9375 53.332031-53.335938c0-29.394531-23.914062-53.332031-53.332031-53.332031zm0 0"
            />
            <path
              d="m453.332031 426.667969c0 38.289062-31.039062 69.332031-69.332031 69.332031s-69.332031-31.042969-69.332031-69.332031c0-38.292969 31.039062-69.335938 69.332031-69.335938s69.332031 31.042969 69.332031 69.335938zm0 0"
            />
            <path
              d="m384 512c-47.0625 0-85.332031-38.273438-85.332031-85.332031 0-47.0625 38.269531-85.335938 85.332031-85.335938s85.332031 38.273438 85.332031 85.335938c0 47.058593-38.269531 85.332031-85.332031 85.332031zm0-138.667969c-29.417969 0-53.332031 23.9375-53.332031 53.335938 0 29.394531 23.914062 53.332031 53.332031 53.332031s53.332031-23.9375 53.332031-53.332031c0-29.398438-23.914062-53.335938-53.332031-53.335938zm0 0"
            />
            <path
              d="m154.667969 256c0 38.292969-31.042969 69.332031-69.335938 69.332031-38.289062 0-69.332031-31.039062-69.332031-69.332031s31.042969-69.332031 69.332031-69.332031c38.292969 0 69.335938 31.039062 69.335938 69.332031zm0 0"
            />
            <path
              d="m85.332031 341.332031c-47.058593 0-85.332031-38.269531-85.332031-85.332031s38.273438-85.332031 85.332031-85.332031c47.0625 0 85.335938 38.269531 85.335938 85.332031s-38.273438 85.332031-85.335938 85.332031zm0-138.664062c-29.417969 0-53.332031 23.933593-53.332031 53.332031s23.914062 53.332031 53.332031 53.332031c29.421875 0 53.335938-23.933593 53.335938-53.332031s-23.914063-53.332031-53.335938-53.332031zm0 0"
            />
            <path
              d="m135.703125 245.761719c-7.425781 0-14.636719-3.863281-18.5625-10.773438-5.824219-10.21875-2.238281-23.253906 7.980469-29.101562l197.949218-112.851563c10.21875-5.867187 23.253907-2.28125 29.101563 7.976563 5.824219 10.21875 2.238281 23.253906-7.980469 29.101562l-197.953125 112.851563c-3.328125 1.898437-6.953125 2.796875-10.535156 2.796875zm0 0"
            />
            <path
              d="m333.632812 421.761719c-3.585937 0-7.210937-.898438-10.539062-2.796875l-197.953125-112.851563c-10.21875-5.824219-13.800781-18.859375-7.976563-29.101562 5.800782-10.238281 18.855469-13.84375 29.097657-7.976563l197.953125 112.851563c10.21875 5.824219 13.800781 18.859375 7.976562 29.101562-3.945312 6.910157-11.15625 10.773438-18.558594 10.773438zm0 0"
            />
          </svg>
        </button>
        <button
          class="sc-Axmtr iQqYeV"
        >
          <svg
            class="sc-fzozJi jJzNqA"
            viewBox="-60 0 600 512"
          >
            <path
              d="m246.122 477.289c-144.417-126.367-246.122-193.304-246.122-299.774 0-80.513 57.4-146.515 136-146.515 54.544 0 95.017 33.497 120 81.015 24.981-47.515 65.454-81.015 120-81.015 78.609 0 136 66.015 136 146.515 0 106.457-101.572 173.291-246.122 299.773-5.657 4.949-14.1 4.949-19.756.001z"
            />
          </svg>
          <span
            class="sc-AxmLO FZMfn"
          >
            Favorite
          </span>
        </button>
      </div>
    </div>
    <h1
      class="sc-fznKkj eBozcq"
      type="subsection"
    >
      Specials
    </h1>
    <div
      class="sc-fzoYHE giVbyN"
    >
      <div
        class="sc-fzoant lljhYp slideContainer"
        width="3072"
      >
        <div
          class="sc-fzomME fpXdXJ"
        >
          <div
            class="sc-fznZeY LPpqK"
          >
            <div
              class="sc-fzokOt dscyNw"
              type="catalogue"
            />
            <svg
              class="sc-fzqBZW bwLEiJ"
              viewBox="0 0 292.362 292.361"
              x="0px"
              y="0px"
            >
              <path
                d="M286.935,197.287L159.028,69.381c-3.613-3.617-7.895-5.424-12.847-5.424s-9.233,1.807-12.85,5.424L5.424,197.287
 C1.807,200.904,0,205.186,0,210.134s1.807,9.233,5.424,12.847c3.621,3.617,7.902,5.425,12.85,5.425h255.813
 c4.949,0,9.233-1.808,12.848-5.425c3.613-3.613,5.427-7.898,5.427-12.847S290.548,200.904,286.935,197.287z"
              />
            </svg>
          </div>
          <div
            class="sc-fznZeY LPpqK"
          >
            <div
              class="sc-fzokOt dscyNw"
              type="catalogue"
            />
            <svg
              class="sc-fzqBZW bwLEiJ"
              viewBox="0 0 292.362 292.361"
              x="0px"
              y="0px"
            >
              <path
                d="M286.935,197.287L159.028,69.381c-3.613-3.617-7.895-5.424-12.847-5.424s-9.233,1.807-12.85,5.424L5.424,197.287
 C1.807,200.904,0,205.186,0,210.134s1.807,9.233,5.424,12.847c3.621,3.617,7.902,5.425,12.85,5.425h255.813
 c4.949,0,9.233-1.808,12.848-5.425c3.613-3.613,5.427-7.898,5.427-12.847S290.548,200.904,286.935,197.287z"
              />
            </svg>
          </div>
        </div>
        <div
          class="sc-fzomME fpXdXJ"
        >
          <div
            class="sc-fznZeY LPpqK"
          >
            <div
              class="sc-fzokOt dscyNw"
              type="catalogue"
            />
            <svg
              class="sc-fzqBZW bwLEiJ"
              viewBox="0 0 292.362 292.361"
              x="0px"
              y="0px"
            >
              <path
                d="M286.935,197.287L159.028,69.381c-3.613-3.617-7.895-5.424-12.847-5.424s-9.233,1.807-12.85,5.424L5.424,197.287
 C1.807,200.904,0,205.186,0,210.134s1.807,9.233,5.424,12.847c3.621,3.617,7.902,5.425,12.85,5.425h255.813
 c4.949,0,9.233-1.808,12.848-5.425c3.613-3.613,5.427-7.898,5.427-12.847S290.548,200.904,286.935,197.287z"
              />
            </svg>
          </div>
          <div
            class="sc-fznZeY LPpqK"
          >
            <div
              class="sc-fzokOt dscyNw"
              type="catalogue"
            />
            <svg
              class="sc-fzqBZW bwLEiJ"
              viewBox="0 0 292.362 292.361"
              x="0px"
              y="0px"
            >
              <path
                d="M286.935,197.287L159.028,69.381c-3.613-3.617-7.895-5.424-12.847-5.424s-9.233,1.807-12.85,5.424L5.424,197.287
 C1.807,200.904,0,205.186,0,210.134s1.807,9.233,5.424,12.847c3.621,3.617,7.902,5.425,12.85,5.425h255.813
 c4.949,0,9.233-1.808,12.848-5.425c3.613-3.613,5.427-7.898,5.427-12.847S290.548,200.904,286.935,197.287z"
              />
            </svg>
          </div>
          <div
            class="sc-fznZeY LPpqK"
          >
            <div
              class="sc-fzokOt dscyNw"
              type="catalogue"
            />
            <svg
              class="sc-fzqBZW bwLEiJ"
              viewBox="0 0 292.362 292.361"
              x="0px"
              y="0px"
            >
              <path
                d="M286.935,197.287L159.028,69.381c-3.613-3.617-7.895-5.424-12.847-5.424s-9.233,1.807-12.85,5.424L5.424,197.287
 C1.807,200.904,0,205.186,0,210.134s1.807,9.233,5.424,12.847c3.621,3.617,7.902,5.425,12.85,5.425h255.813
 c4.949,0,9.233-1.808,12.848-5.425c3.613-3.613,5.427-7.898,5.427-12.847S290.548,200.904,286.935,197.287z"
              />
            </svg>
          </div>
          <div
            class="sc-fznZeY LPpqK"
          >
            <div
              class="sc-fzokOt dscyNw"
              type="catalogue"
            />
            <svg
              class="sc-fzqBZW bwLEiJ"
              viewBox="0 0 292.362 292.361"
              x="0px"
              y="0px"
            >
              <path
                d="M286.935,197.287L159.028,69.381c-3.613-3.617-7.895-5.424-12.847-5.424s-9.233,1.807-12.85,5.424L5.424,197.287
 C1.807,200.904,0,205.186,0,210.134s1.807,9.233,5.424,12.847c3.621,3.617,7.902,5.425,12.85,5.425h255.813
 c4.949,0,9.233-1.808,12.848-5.425c3.613-3.613,5.427-7.898,5.427-12.847S290.548,200.904,286.935,197.287z"
              />
            </svg>
          </div>
          <div
            class="sc-fznZeY LPpqK"
          >
            <div
              class="sc-fzokOt dscyNw"
              type="catalogue"
            />
            <svg
              class="sc-fzqBZW bwLEiJ"
              viewBox="0 0 292.362 292.361"
              x="0px"
              y="0px"
            >
              <path
                d="M286.935,197.287L159.028,69.381c-3.613-3.617-7.895-5.424-12.847-5.424s-9.233,1.807-12.85,5.424L5.424,197.287
 C1.807,200.904,0,205.186,0,210.134s1.807,9.233,5.424,12.847c3.621,3.617,7.902,5.425,12.85,5.425h255.813
 c4.949,0,9.233-1.808,12.848-5.425c3.613-3.613,5.427-7.898,5.427-12.847S290.548,200.904,286.935,197.287z"
              />
            </svg>
          </div>
          <div
            class="sc-fznZeY LPpqK"
          >
            <div
              class="sc-fzokOt dscyNw"
              type="catalogue"
            />
            <svg
              class="sc-fzqBZW bwLEiJ"
              viewBox="0 0 292.362 292.361"
              x="0px"
              y="0px"
            >
              <path
                d="M286.935,197.287L159.028,69.381c-3.613-3.617-7.895-5.424-12.847-5.424s-9.233,1.807-12.85,5.424L5.424,197.287
 C1.807,200.904,0,205.186,0,210.134s1.807,9.233,5.424,12.847c3.621,3.617,7.902,5.425,12.85,5.425h255.813
 c4.949,0,9.233-1.808,12.848-5.425c3.613-3.613,5.427-7.898,5.427-12.847S290.548,200.904,286.935,197.287z"
              />
            </svg>
          </div>
        </div>
        <div
          class="sc-fzomME fpXdXJ"
        >
          <div
            class="sc-fznZeY LPpqK"
          >
            <div
              class="sc-fzokOt dscyNw"
              type="catalogue"
            />
            <svg
              class="sc-fzqBZW bwLEiJ"
              viewBox="0 0 292.362 292.361"
              x="0px"
              y="0px"
            >
              <path
                d="M286.935,197.287L159.028,69.381c-3.613-3.617-7.895-5.424-12.847-5.424s-9.233,1.807-12.85,5.424L5.424,197.287
 C1.807,200.904,0,205.186,0,210.134s1.807,9.233,5.424,12.847c3.621,3.617,7.902,5.425,12.85,5.425h255.813
 c4.949,0,9.233-1.808,12.848-5.425c3.613-3.613,5.427-7.898,5.427-12.847S290.548,200.904,286.935,197.287z"
              />
            </svg>
          </div>
          <div
            class="sc-fznZeY LPpqK"
          >
            <div
              class="sc-fzokOt dscyNw"
              type="catalogue"
            />
            <svg
              class="sc-fzqBZW bwLEiJ"
              viewBox="0 0 292.362 292.361"
              x="0px"
              y="0px"
            >
              <path
                d="M286.935,197.287L159.028,69.381c-3.613-3.617-7.895-5.424-12.847-5.424s-9.233,1.807-12.85,5.424L5.424,197.287
 C1.807,200.904,0,205.186,0,210.134s1.807,9.233,5.424,12.847c3.621,3.617,7.902,5.425,12.85,5.425h255.813
 c4.949,0,9.233-1.808,12.848-5.425c3.613-3.613,5.427-7.898,5.427-12.847S290.548,200.904,286.935,197.287z"
              />
            </svg>
          </div>
        </div>
      </div>
      <button
        class="sc-fzqAbL fGXLgk"
        direction="left"
      >
        <svg
          class="sc-fzqMAW cnVNQa"
          viewBox="0 0 256 256"
          x="0px"
          y="0px"
        >
          <polygon
            points="207.093,30.187 176.907,0 48.907,128 176.907,256 207.093,225.813 109.28,128"
          />
        </svg>
      </button>
      <button
        class="sc-fzqAbL dIIulT"
        direction="right"
      >
        <svg
          class="sc-fzqMAW cnVNQa"
          viewBox="0 0 256 256"
          x="0px"
          y="0px"
        >
          <polygon
            points="79.093,0 48.907,30.187 146.72,128 48.907,225.813 79.093,256 207.093,128 		"
          />
        </svg>
      </button>
    </div>
    <div
      class="sc-fzoydu bCoDuu"
    >
      <span
        class="sc-fzoJMP hkoDYr"
      />
      <span
        class="sc-fzoJMP fmgZOF"
      />
    </div>
    <div
      class="sc-fznxsB lkfNOA"
    >
      <div
        class="sc-fzoiQi bWpGjR"
      />
      <h2
        class="sc-fznJRM kyXwjJ"
      >
        Walk Your Way Out
      </h2>
      <p
        class="sc-fznWqX jhQvto"
      >
        Lorem ipsum dolor sit amet, consectetur adipiscing elit. Nulla auctor vulputate purus, eget consequat ante aliquet in. Ut fringilla ultrices ullamcorper. Phasellus consequat mattis urna, ut ultricies lorem vulputate in. Nulla tincidunt justo at sapien pulvinar congue. Cras lacinia, urna quis molestie ullamcorper, ante odio varius lacus, a dapibus tortor tellus pulvinar dui. Suspendisse aliquet enim et venenatis finibus. Fusce pellentesque pellentesque eleifend. Vivamus accumsan, urna vitae dapibus auctor, justo nunc aliquet lacus, ut pretium nisi turpis non tellus.
      </p>
      <div
        class="sc-fzqARJ cwvuix"
      >
        <form
          class="sc-fzqNJr jvPbwx"
        >
          <input
            class="sc-fzoyAV kxouye"
            id="star-1"
            name="rating"
            type="radio"
            value="1"
          />
          <label
            class="sc-fzoLag fVnLlS"
            for="star-1"
          >
            <svg
              viewBox="0 0 512 512"
              x="0px"
              y="0px"
            >
              <polygon
                points="512,197.816 325.961,185.585 255.898,9.569 185.835,185.585 0,197.816 142.534,318.842 95.762,502.431 255.898,401.21 416.035,502.431 369.263,318.842"
              />
            </svg>
          </label>
          <input
            class="sc-fzoyAV kxouye"
            id="star-2"
            name="rating"
            type="radio"
            value="2"
          />
          <label
            class="sc-fzoLag fVnLlS"
            for="star-2"
          >
            <svg
              viewBox="0 0 512 512"
              x="0px"
              y="0px"
            >
              <polygon
                points="512,197.816 325.961,185.585 255.898,9.569 185.835,185.585 0,197.816 142.534,318.842 95.762,502.431 255.898,401.21 416.035,502.431 369.263,318.842"
              />
            </svg>
          </label>
          <input
            class="sc-fzoyAV kxouye"
            id="star-3"
            name="rating"
            type="radio"
            value="3"
          />
          <label
            class="sc-fzoLag fVnLlS"
            for="star-3"
          >
            <svg
              viewBox="0 0 512 512"
              x="0px"
              y="0px"
            >
              <polygon
                points="512,197.816 325.961,185.585 255.898,9.569 185.835,185.585 0,197.816 142.534,318.842 95.762,502.431 255.898,401.21 416.035,502.431 369.263,318.842"
              />
            </svg>
          </label>
          <input
            class="sc-fzoyAV kxouye"
            id="star-4"
            name="rating"
            type="radio"
            value="4"
          />
          <label
            class="sc-fzoLag fVnLlS"
            for="star-4"
          >
            <svg
              viewBox="0 0 512 512"
              x="0px"
              y="0px"
            >
              <polygon
                points="512,197.816 325.961,185.585 255.898,9.569 185.835,185.585 0,197.816 142.534,318.842 95.762,502.431 255.898,401.21 416.035,502.431 369.263,318.842"
              />
            </svg>
          </label>
          <input
            class="sc-fzoyAV kxouye"
            id="star-5"
            name="rating"
            type="radio"
            value="5"
          />
          <label
            class="sc-fzoLag fVnLlS"
            for="star-5"
          >
            <svg
              viewBox="0 0 512 512"
              x="0px"
              y="0px"
            >
              <polygon
                points="512,197.816 325.961,185.585 255.898,9.569 185.835,185.585 0,197.816 142.534,318.842 95.762,502.431 255.898,401.21 416.035,502.431 369.263,318.842"
              />
            </svg>
          </label>
        </form>
      </div>
      <div
        class="sc-fzqNqU jOIcUT"
      >
        <a
          class="sc-fzoXzr fzvxPM"
          href="https://www.netflix.com"
        >
          <img
            class="sc-fzpjYC fWddqx"
            src="[object Object]"
            title="netflix"
            type="netflix"
          />
        </a>
        <a
          class="sc-fzoXzr fzvxPM"
          href="https://www.hulu.com"
        >
          <img
            class="sc-fzpjYC cGRcwV"
            src="[object Object]"
            title="hulu"
            type="hulu"
          />
        </a>
        <a
          class="sc-fzoXzr fzvxPM"
          href="https://www.primevideo.com"
        >
          <img
            class="sc-fzpjYC bsTYhf"
            src="[object Object]"
            title="amazon-prime"
            type="amazon-prime"
          />
        </a>
        <a
          class="sc-fzoXzr fzvxPM"
          href="https://www.youtube.com"
        >
          <img
            class="sc-fzpjYC fWddqx"
            src="[object Object]"
            title="youtube"
            type="youtube"
          />
        </a>
        <a
          class="sc-fzoXzr fzvxPM"
          href="https://www.hbomax.com"
        >
          <img
            class="sc-fzpjYC jRVGPb"
            src="[object Object]"
            title="hbo-max"
            type="hbo-max"
          />
        </a>
      </div>
    </div>
    <h1
      class="sc-fznKkj eBozcq"
      type="subsection"
    >
      Tour Dates
    </h1>
    <div
      class="sc-fzqBkg kFsWCx"
    >
      <div
        class="sc-fzoxKX dUIGPH"
      >
        <svg
          class="sc-fzqPZZ gMQnUe"
          viewBox="0 0 512 512"
          x="0px"
          y="0px"
        >
          <path
            d="M256,0C115.2,0,0,115.2,0,256s115.2,256,256,256s256-115.2,256-256S396.8,0,256,0z M256,51.2
 c28.16,0,48.64,23.04,46.08,51.2L281.6,307.2h-51.2l-20.48-204.8C207.36,74.24,227.84,51.2,256,51.2z M256,460.8
 c-28.16,0-51.2-23.04-51.2-51.2c0-28.16,23.04-51.2,51.2-51.2s51.2,23.04,51.2,51.2C307.2,437.76,284.16,460.8,256,460.8z"
          />
        </svg>
        New Date!
      </div>
      <div
        class="sc-fzoKki lfkqZT"
      >
        <div
          class="sc-fzoYkl eCePQv"
        >
          <div
            class="sc-fzpkJw hjFbiE"
          >
            <span
              class="sc-AxgMl cVbBHD"
              type="account"
            />
            <span
              class="sc-fznMAR dLUmRY"
            >
              Hanibal Buress
            </span>
          </div>
          <button
            class="sc-fzolEj bXPioA"
            type="tourDate"
          >
            <a
              class="sc-fznWOq ghGARJ"
              href=""
            >
              Get Tickets!
            </a>
          </button>
        </div>
        <h3
          class="sc-fznzOf iQOeeF"
        >
          Baltimore, MD - Vincent Theater
        </h3>
        <div
          class="sc-fznMnq gPZIx"
        >
          July 28th . 2020
        </div>
        <div
          class="sc-fznMnq gPZIx"
        >
          Sunday . 8:30pm
        </div>
      </div>
    </div>
    <div
      class="sc-fzqBkg kFsWCx"
    >
      <div
        class="sc-fzoxKX dUIGPH"
      >
        <svg
          class="sc-fzqPZZ gMQnUe"
          viewBox="0 0 512 512"
          x="0px"
          y="0px"
        >
          <path
            d="M256,0C115.2,0,0,115.2,0,256s115.2,256,256,256s256-115.2,256-256S396.8,0,256,0z M256,51.2
 c28.16,0,48.64,23.04,46.08,51.2L281.6,307.2h-51.2l-20.48-204.8C207.36,74.24,227.84,51.2,256,51.2z M256,460.8
 c-28.16,0-51.2-23.04-51.2-51.2c0-28.16,23.04-51.2,51.2-51.2s51.2,23.04,51.2,51.2C307.2,437.76,284.16,460.8,256,460.8z"
          />
        </svg>
        New Date!
      </div>
      <div
        class="sc-fzoKki lfkqZT"
      >
        <div
          class="sc-fzoYkl eCePQv"
        >
          <div
            class="sc-fzpkJw hjFbiE"
          >
            <span
              class="sc-AxgMl cVbBHD"
              type="account"
            />
            <span
              class="sc-fznMAR dLUmRY"
            >
              Hanibal Buress
            </span>
          </div>
          <button
            class="sc-fzolEj bXPioA"
            type="tourDate"
          >
            <a
              class="sc-fznWOq ghGARJ"
              href=""
            >
              Get Tickets!
            </a>
          </button>
        </div>
        <h3
          class="sc-fznzOf iQOeeF"
        >
          Baltimore, MD - Vincent Theater
        </h3>
        <div
          class="sc-fznMnq gPZIx"
        >
          July 28th . 2020
        </div>
        <div
          class="sc-fznMnq gPZIx"
        >
          Sunday . 8:30pm
        </div>
      </div>
    </div>
    <div
      class="sc-fzqBkg kFsWCx"
    >
      <div
        class="sc-fzoxKX dUIGPH"
      >
        <svg
          class="sc-fzqPZZ gMQnUe"
          viewBox="0 0 512 512"
          x="0px"
          y="0px"
        >
          <path
            d="M256,0C115.2,0,0,115.2,0,256s115.2,256,256,256s256-115.2,256-256S396.8,0,256,0z M256,51.2
 c28.16,0,48.64,23.04,46.08,51.2L281.6,307.2h-51.2l-20.48-204.8C207.36,74.24,227.84,51.2,256,51.2z M256,460.8
 c-28.16,0-51.2-23.04-51.2-51.2c0-28.16,23.04-51.2,51.2-51.2s51.2,23.04,51.2,51.2C307.2,437.76,284.16,460.8,256,460.8z"
          />
        </svg>
        New Date!
      </div>
      <div
        class="sc-fzoKki lfkqZT"
      >
        <div
          class="sc-fzoYkl eCePQv"
        >
          <div
            class="sc-fzpkJw hjFbiE"
          >
            <span
              class="sc-AxgMl cVbBHD"
              type="account"
            />
            <span
              class="sc-fznMAR dLUmRY"
            >
              Hanibal Buress
            </span>
          </div>
          <button
            class="sc-fzolEj bXPioA"
            type="tourDate"
          >
            <a
              class="sc-fznWOq ghGARJ"
              href=""
            >
              Get Tickets!
            </a>
          </button>
        </div>
        <h3
          class="sc-fznzOf iQOeeF"
        >
          Baltimore, MD - Vincent Theater
        </h3>
        <div
          class="sc-fznMnq gPZIx"
        >
          July 28th . 2020
        </div>
        <div
          class="sc-fznMnq gPZIx"
        >
          Sunday . 8:30pm
        </div>
      </div>
    </div>
    <div
      class="sc-fzqBkg kFsWCx"
    >
      <div
        class="sc-fzoxKX dUIGPH"
      >
        <svg
          class="sc-fzqPZZ gMQnUe"
          viewBox="0 0 512 512"
          x="0px"
          y="0px"
        >
          <path
            d="M256,0C115.2,0,0,115.2,0,256s115.2,256,256,256s256-115.2,256-256S396.8,0,256,0z M256,51.2
 c28.16,0,48.64,23.04,46.08,51.2L281.6,307.2h-51.2l-20.48-204.8C207.36,74.24,227.84,51.2,256,51.2z M256,460.8
 c-28.16,0-51.2-23.04-51.2-51.2c0-28.16,23.04-51.2,51.2-51.2s51.2,23.04,51.2,51.2C307.2,437.76,284.16,460.8,256,460.8z"
          />
        </svg>
        New Date!
      </div>
      <div
        class="sc-fzoKki lfkqZT"
      >
        <div
          class="sc-fzoYkl eCePQv"
        >
          <div
            class="sc-fzpkJw hjFbiE"
          >
            <span
              class="sc-AxgMl cVbBHD"
              type="account"
            />
            <span
              class="sc-fznMAR dLUmRY"
            >
              Hanibal Buress
            </span>
          </div>
          <button
            class="sc-fzolEj bXPioA"
            type="tourDate"
          >
            <a
              class="sc-fznWOq ghGARJ"
              href=""
            >
              Get Tickets!
            </a>
          </button>
        </div>
        <h3
          class="sc-fznzOf iQOeeF"
        >
          Baltimore, MD - Vincent Theater
        </h3>
        <div
          class="sc-fznMnq gPZIx"
        >
          July 28th . 2020
        </div>
        <div
          class="sc-fznMnq gPZIx"
        >
          Sunday . 8:30pm
        </div>
      </div>
    </div>
    <div
      class="sc-fzqBkg kFsWCx"
    >
      <div
        class="sc-fzoxKX dUIGPH"
      >
        <svg
          class="sc-fzqPZZ gMQnUe"
          viewBox="0 0 512 512"
          x="0px"
          y="0px"
        >
          <path
            d="M256,0C115.2,0,0,115.2,0,256s115.2,256,256,256s256-115.2,256-256S396.8,0,256,0z M256,51.2
 c28.16,0,48.64,23.04,46.08,51.2L281.6,307.2h-51.2l-20.48-204.8C207.36,74.24,227.84,51.2,256,51.2z M256,460.8
 c-28.16,0-51.2-23.04-51.2-51.2c0-28.16,23.04-51.2,51.2-51.2s51.2,23.04,51.2,51.2C307.2,437.76,284.16,460.8,256,460.8z"
          />
        </svg>
        New Date!
      </div>
      <div
        class="sc-fzoKki lfkqZT"
      >
        <div
          class="sc-fzoYkl eCePQv"
        >
          <div
            class="sc-fzpkJw hjFbiE"
          >
            <span
              class="sc-AxgMl cVbBHD"
              type="account"
            />
            <span
              class="sc-fznMAR dLUmRY"
            >
              Hanibal Buress
            </span>
          </div>
          <button
            class="sc-fzolEj bXPioA"
            type="tourDate"
          >
            <a
              class="sc-fznWOq ghGARJ"
              href=""
            >
              Get Tickets!
            </a>
          </button>
        </div>
        <h3
          class="sc-fznzOf iQOeeF"
        >
          Baltimore, MD - Vincent Theater
        </h3>
        <div
          class="sc-fznMnq gPZIx"
        >
          July 28th . 2020
        </div>
        <div
          class="sc-fznMnq gPZIx"
        >
          Sunday . 8:30pm
        </div>
      </div>
    </div>
    <div
      class="sc-fzqBkg kFsWCx"
    >
      <div
        class="sc-fzoxKX dUIGPH"
      >
        <svg
          class="sc-fzqPZZ gMQnUe"
          viewBox="0 0 512 512"
          x="0px"
          y="0px"
        >
          <path
            d="M256,0C115.2,0,0,115.2,0,256s115.2,256,256,256s256-115.2,256-256S396.8,0,256,0z M256,51.2
 c28.16,0,48.64,23.04,46.08,51.2L281.6,307.2h-51.2l-20.48-204.8C207.36,74.24,227.84,51.2,256,51.2z M256,460.8
 c-28.16,0-51.2-23.04-51.2-51.2c0-28.16,23.04-51.2,51.2-51.2s51.2,23.04,51.2,51.2C307.2,437.76,284.16,460.8,256,460.8z"
          />
        </svg>
        New Date!
      </div>
      <div
        class="sc-fzoKki lfkqZT"
      >
        <div
          class="sc-fzoYkl eCePQv"
        >
          <div
            class="sc-fzpkJw hjFbiE"
          >
            <span
              class="sc-AxgMl cVbBHD"
              type="account"
            />
            <span
              class="sc-fznMAR dLUmRY"
            >
              Hanibal Buress
            </span>
          </div>
          <button
            class="sc-fzolEj bXPioA"
            type="tourDate"
          >
            <a
              class="sc-fznWOq ghGARJ"
              href=""
            >
              Get Tickets!
            </a>
          </button>
        </div>
        <h3
          class="sc-fznzOf iQOeeF"
        >
          Baltimore, MD - Vincent Theater
        </h3>
        <div
          class="sc-fznMnq gPZIx"
        >
          July 28th . 2020
        </div>
        <div
          class="sc-fznMnq gPZIx"
        >
          Sunday . 8:30pm
        </div>
      </div>
    </div>
    <div
      class="sc-fzqBkg kFsWCx"
    >
      <div
        class="sc-fzoxKX dUIGPH"
      >
        <svg
          class="sc-fzqPZZ gMQnUe"
          viewBox="0 0 512 512"
          x="0px"
          y="0px"
        >
          <path
            d="M256,0C115.2,0,0,115.2,0,256s115.2,256,256,256s256-115.2,256-256S396.8,0,256,0z M256,51.2
 c28.16,0,48.64,23.04,46.08,51.2L281.6,307.2h-51.2l-20.48-204.8C207.36,74.24,227.84,51.2,256,51.2z M256,460.8
 c-28.16,0-51.2-23.04-51.2-51.2c0-28.16,23.04-51.2,51.2-51.2s51.2,23.04,51.2,51.2C307.2,437.76,284.16,460.8,256,460.8z"
          />
        </svg>
        New Date!
      </div>
      <div
        class="sc-fzoKki lfkqZT"
      >
        <div
          class="sc-fzoYkl eCePQv"
        >
          <div
            class="sc-fzpkJw hjFbiE"
          >
            <span
              class="sc-AxgMl cVbBHD"
              type="account"
            />
            <span
              class="sc-fznMAR dLUmRY"
            >
              Hanibal Buress
            </span>
          </div>
          <button
            class="sc-fzolEj bXPioA"
            type="tourDate"
          >
            <a
              class="sc-fznWOq ghGARJ"
              href=""
            >
              Get Tickets!
            </a>
          </button>
        </div>
        <h3
          class="sc-fznzOf iQOeeF"
        >
          Baltimore, MD - Vincent Theater
        </h3>
        <div
          class="sc-fznMnq gPZIx"
        >
          July 28th . 2020
        </div>
        <div
          class="sc-fznMnq gPZIx"
        >
          Sunday . 8:30pm
        </div>
      </div>
    </div>
    <h1
      class="sc-fznKkj eBozcq"
      type="subsection"
    >
      Popular Videos
    </h1>
    <div
      class="sc-fzoYHE giVbyN"
    >
      <div
        class="sc-fzoant lljhYp slideContainer"
        width="3072"
      >
        <div
          class="sc-fzomME fpXdXJ"
        >
          <iframe
            allow="accelerometer; autoplay; clipboard-write; encrypted-media; gyroscope; picture-in-picture"
            class="sc-fzoyTs etpwev"
            src="https://www.youtube.com/embed/1HIfNI92Mjw"
          />
        </div>
        <div
          class="sc-fzomME fpXdXJ"
        >
          <iframe
            allow="accelerometer; autoplay; clipboard-write; encrypted-media; gyroscope; picture-in-picture"
            class="sc-fzoyTs etpwev"
            src="https://www.youtube.com/embed/WdgDqrPAZcE"
          />
        </div>
        <div
          class="sc-fzomME fpXdXJ"
        >
          <iframe
            allow="accelerometer; autoplay; clipboard-write; encrypted-media; gyroscope; picture-in-picture"
            class="sc-fzoyTs etpwev"
            src="https://www.youtube.com/embed/1HIfNI92Mjw"
          />
        </div>
      </div>
      <button
        class="sc-fzqAbL fGXLgk"
        direction="left"
      >
        <svg
          class="sc-fzqMAW cnVNQa"
          viewBox="0 0 256 256"
          x="0px"
          y="0px"
        >
          <polygon
            points="207.093,30.187 176.907,0 48.907,128 176.907,256 207.093,225.813 109.28,128"
          />
        </svg>
      </button>
      <button
        class="sc-fzqAbL dIIulT"
        direction="right"
      >
        <svg
          class="sc-fzqMAW cnVNQa"
          viewBox="0 0 256 256"
          x="0px"
          y="0px"
        >
          <polygon
            points="79.093,0 48.907,30.187 146.72,128 48.907,225.813 79.093,256 207.093,128 		"
          />
        </svg>
      </button>
    </div>
    <div
      class="sc-fzoydu bCoDuu"
    >
      <span
        class="sc-fzoJMP hkoDYr"
      />
      <span
        class="sc-fzoJMP fmgZOF"
      />
    </div>
    <div>
      <h1
        class="sc-fznKkj bSCHAl"
        type="subsection"
      >
        Bill Burr Fans also like...
      </h1>
      <div
        class="sc-fzoxnE dhoqdO"
      >
        <a
          class="sc-fznxKY qkRgH"
          href="/comedians?name=undefined"
        >
          <div
            class="sc-fzoXWK kGAyZU"
          >
            <span
              class="sc-AxgMl cVa-DKL"
              type="comedianWindow"
            />
            <h3
              class="sc-fzpmMD kdEXiC"
            >
              Comedian
            </h3>
            <div>
              <button
                class="sc-fzoNJl iDHuqJ"
              >
                Crude
              </button>
              <button
                class="sc-fzoNJl iDHuqJ"
              >
                Smart
              </button>
              <button
                class="sc-fzoNJl iDHuqJ"
              >
                Boston
              </button>
              <button
                class="sc-fzoNJl iDHuqJ"
              >
                Italian
              </button>
            </div>
          </div>
        </a>
        <a
          class="sc-fznxKY qkRgH"
          href="/comedians?name=undefined"
        >
          <div
            class="sc-fzoXWK kGAyZU"
          >
            <span
              class="sc-AxgMl cVa-DKL"
              type="comedianWindow"
            />
            <h3
              class="sc-fzpmMD kdEXiC"
            >
              Comedian
            </h3>
            <div>
              <button
                class="sc-fzoNJl iDHuqJ"
              >
                Crude
              </button>
              <button
                class="sc-fzoNJl iDHuqJ"
              >
                Smart
              </button>
              <button
                class="sc-fzoNJl iDHuqJ"
              >
                Boston
              </button>
              <button
                class="sc-fzoNJl iDHuqJ"
              >
                Italian
              </button>
            </div>
          </div>
        </a>
        <a
          class="sc-fznxKY qkRgH"
          href="/comedians?name=undefined"
        >
          <div
            class="sc-fzoXWK kGAyZU"
          >
            <span
              class="sc-AxgMl cVa-DKL"
              type="comedianWindow"
            />
            <h3
              class="sc-fzpmMD kdEXiC"
            >
              Comedian
            </h3>
            <div>
              <button
                class="sc-fzoNJl iDHuqJ"
              >
                Crude
              </button>
              <button
                class="sc-fzoNJl iDHuqJ"
              >
                Smart
              </button>
              <button
                class="sc-fzoNJl iDHuqJ"
              >
                Boston
              </button>
              <button
                class="sc-fzoNJl iDHuqJ"
              >
                Italian
              </button>
            </div>
          </div>
        </a>
        <a
          class="sc-fznxKY qkRgH"
          href="/comedians?name=undefined"
        >
          <div
            class="sc-fzoXWK kGAyZU"
          >
            <span
              class="sc-AxgMl cVa-DKL"
              type="comedianWindow"
            />
            <h3
              class="sc-fzpmMD kdEXiC"
            >
              Comedian
            </h3>
            <div>
              <button
                class="sc-fzoNJl iDHuqJ"
              >
                Crude
              </button>
              <button
                class="sc-fzoNJl iDHuqJ"
              >
                Smart
              </button>
              <button
                class="sc-fzoNJl iDHuqJ"
              >
                Boston
              </button>
              <button
                class="sc-fzoNJl iDHuqJ"
              >
                Italian
              </button>
            </div>
          </div>
        </a>
      </div>
    </div>
    <div>
      <h1
        class="sc-fznKkj bSCHAl"
        type="subsection"
      >
        Comments
      </h1>
      <form
        class="sc-fzoaKM gmRViI"
      >
        <div
          class="sc-fzqAui jvHsTY"
        >
          <span
            class="sc-fzomuh hvVYtW"
          >
            <span
              class="sc-AxgMl cVbBHD"
              type="account"
            />
          </span>
          <div>
            <div
              class="sc-fznAgC hKmjvs"
              contenteditable="true"
              placeholder="Leave a comment!"
            />
            <span
              class="sc-fzpkqZ iErCPs"
            />
          </div>
        </div>
        <span
          class="sc-fzqMdD cygamE"
        >
          <button
            class="sc-fznLPX jmsSRE"
          >
            Submit
          </button>
        </span>
      </form>
      <div
        class="sc-fzpisO fFXZWo"
      >
        <div
          class="sc-fznyYp izOFaA"
        >
          <span
            class="sc-AxgMl cVbBHD"
            type="account"
          />
        </div>
        <div
          class="sc-fznLxA iRvsHw"
        >
          <span
            class="sc-fznMAR dLUmRY"
          >
            Corey Rozenblat
          </span>
          <span
            class="sc-fznXWL kvqnbS"
          >
            3 months ago
          </span>
          <p
            class="sc-fzokvW keHzK"
          >
            EFRSFIMSEOFseofiseofunsefoiesfoifmosiemfoeisfoesifmesoifmoesifmse'fsefmiosfmseofisemfoisemfesfes fsmefisefoesfismefoesmefoismeofmoemfoefmeoifmsoeifmsoiefmseoimfoesifoisemfosfmoeimfosimfosiemfoeismfoisemofimoiemfos
          </p>
          <span
            class="sc-fzowVh dxKEWd"
          >
            <button
              class="sc-fzoJus iIPpEP"
            >
              <svg
                viewBox="0 0 512 512"
                x="0px"
                y="0px"
              >
                <g>
                  <path
                    d="M53.333,224C23.936,224,0,247.936,0,277.333V448c0,29.397,23.936,53.333,53.333,53.333h64
 c12.011,0,23.061-4.053,32-10.795V224H53.333z"
                  />
                </g>
                <g>
                  <path
                    d="M512,304c0-12.821-5.077-24.768-13.888-33.579c9.963-10.901,15.04-25.515,13.653-40.725
 c-2.496-27.115-26.923-48.363-55.637-48.363H324.352c6.528-19.819,16.981-56.149,16.981-85.333c0-46.272-39.317-85.333-64-85.333
 c-22.165,0-37.995,12.48-38.677,12.992c-2.517,2.027-3.989,5.099-3.989,8.341v72.341l-61.44,133.099l-2.56,1.301v228.651
 C188.032,475.584,210.005,480,224,480h195.819c23.232,0,43.563-15.659,48.341-37.269c2.453-11.115,1.024-22.315-3.861-32.043
 c15.765-7.936,26.368-24.171,26.368-42.688c0-7.552-1.728-14.784-5.013-21.333C501.419,338.731,512,322.496,512,304z"
                  />
                </g>
              </svg>
            </button>
            <span
              class="sc-fzoVTD gpAbX"
            >
              23
            </span>
          </span>
        </div>
      </div>
    </div>
  </div>,
  "debug": [Function],
  "findAllByAltText": [Function],
  "findAllByDisplayValue": [Function],
  "findAllByLabelText": [Function],
  "findAllByPlaceholderText": [Function],
  "findAllByRole": [Function],
  "findAllByTestId": [Function],
  "findAllByText": [Function],
  "findAllByTitle": [Function],
  "findByAltText": [Function],
  "findByDisplayValue": [Function],
  "findByLabelText": [Function],
  "findByPlaceholderText": [Function],
  "findByRole": [Function],
  "findByTestId": [Function],
  "findByText": [Function],
  "findByTitle": [Function],
  "getAllByAltText": [Function],
  "getAllByDisplayValue": [Function],
  "getAllByLabelText": [Function],
  "getAllByPlaceholderText": [Function],
  "getAllByRole": [Function],
  "getAllByTestId": [Function],
  "getAllByText": [Function],
  "getAllByTitle": [Function],
  "getByAltText": [Function],
  "getByDisplayValue": [Function],
  "getByLabelText": [Function],
  "getByPlaceholderText": [Function],
  "getByRole": [Function],
  "getByTestId": [Function],
  "getByText": [Function],
  "getByTitle": [Function],
  "queryAllByAltText": [Function],
  "queryAllByDisplayValue": [Function],
  "queryAllByLabelText": [Function],
  "queryAllByPlaceholderText": [Function],
  "queryAllByRole": [Function],
  "queryAllByTestId": [Function],
  "queryAllByText": [Function],
  "queryAllByTitle": [Function],
  "queryByAltText": [Function],
  "queryByDisplayValue": [Function],
  "queryByLabelText": [Function],
  "queryByPlaceholderText": [Function],
  "queryByRole": [Function],
  "queryByTestId": [Function],
  "queryByText": [Function],
  "queryByTitle": [Function],
  "rerender": [Function],
  "unmount": [Function],
}
`;
